next.config.ts(9,3): error TS2353: Object literal may only specify known properties, and 'eslint' does not exist in type 'NextConfig'.
src/app/api/clip/webhook/route.ts(27,35): error TS2339: Property 'metadata' does not exist on type 'ClipCheckoutResponse'.
src/app/api/clip/webhook/route.ts(28,37): error TS2339: Property 'metadata' does not exist on type 'ClipCheckoutResponse'.
src/app/api/clip/webhook/route.ts(29,36): error TS2339: Property 'metadata' does not exist on type 'ClipCheckoutResponse'.
